// Jest Snapshot v1, https://goo.gl/fbAQLP

exports[`CardList Component it should render CardList component 1`] = `
<div
  className="CardList"
>
  <card
    email="johnsnow@got.com"
    id={1}
    key="1"
    name="John Snow"
  />
</div>
`;
