// Jest Snapshot v1, https://goo.gl/fbAQLP

exports[`Scroll Component expect to render the Scroll Component 1`] = `
<div
  className="Scroll"
/>
`;
